2025-09-10T00:17:22 | touched: scripts/deploy.js
2025-06-28T04:25:44 | touched: hardhat.config.js
2025-10-18T22:21:33 | touched: hardhat.config.js
2025-12-19T20:55:18 | touched: scripts/interact.js
2025-12-05T23:17:19 | touched: README.md
2025-04-26T09:07:19 | touched: scripts/deploy.js
2025-11-04T14:09:56 | touched: hardhat.config.js
2025-09-15T06:00:33 | touched: test/Llamaindexai.test.js
2025-03-31T20:29:01 | touched: scripts/interact.js
2025-10-29T11:22:13 | touched: README.md
2025-08-05T17:48:46 | touched: test/Llamaindexai.test.js
2025-02-21T18:28:44 | touched: scripts/api-server.js
2025-03-19T19:59:12 | touched: package.json
2025-12-12T13:42:09 | touched: .env.example
2025-09-07T23:17:52 | touched: test/Llamaindexai.test.js
2025-07-09T12:09:06 | touched: scripts/cli.js
2025-11-28T21:11:03 | touched: contracts/Llamaindexai.sol
2025-06-14T09:27:16 | touched: LICENSE
2025-09-07T08:08:08 | touched: scripts/interact.js
2025-01-02T06:54:25 | touched: hardhat.config.js
2025-05-09T18:40:11 | touched: contracts/Llamaindexai.sol
2025-07-09T07:27:18 | touched: scripts/interact.js
2025-09-13T16:45:50 | touched: LICENSE
2025-08-14T19:55:02 | touched: contracts/Llamaindexai.sol
2025-06-26T05:29:09 | touched: scripts/deploy.js
2025-01-06T03:35:17 | touched: README.md
2025-05-02T15:40:42 | touched: package.json
2025-12-01T14:26:54 | touched: package.json
2025-05-25T13:00:28 | touched: scripts/deploy.js
2025-11-23T06:58:04 | touched: test/Llamaindexai.test.js
2025-11-01T07:05:47 | touched: .env.example
2025-03-29T05:39:19 | touched: hardhat.config.js
2025-08-19T19:51:11 | touched: hardhat.config.js
2025-02-23T18:10:22 | touched: scripts/deploy.js
2025-11-11T14:54:29 | touched: scripts/frontend-integration.js
